
[1m[46m RUN [49m[22m [36mv4.0.16 [39m[90mD:/lastyear/srasm[39m

[31m⎯⎯⎯⎯⎯⎯[39m[1m[41m Unhandled Errors [49m[22m[31m⎯⎯⎯⎯⎯⎯[39m
[31m[1m
Vitest caught 1 unhandled error during the test run.
This might cause false positive tests. Resolve unhandled errors to make sure your tests are not affected.[22m[39m

[31m⎯⎯⎯⎯⎯⎯[39m[1m[41m Unhandled Error [49m[22m[31m⎯⎯⎯⎯⎯⎯⎯[39m
[31m[1mError[22m: require() of ES Module D:\lastyear\srasm\node_modules\parse5\dist\index.js from D:\lastyear\srasm\node_modules\jsdom\lib\jsdom\browser\parser\html.js not supported.
Instead change the require of index.js in D:\lastyear\srasm\node_modules\jsdom\lib\jsdom\browser\parser\html.js to a dynamic import() which is available in all CommonJS modules.[39m
[90m [2m❯[22m TracingChannel.traceSync node:diagnostics_channel:[2m315:14[22m[39m
[90m [2m❯[22m Object.<anonymous> node_modules/jsdom/lib/jsdom/browser/parser/html.js:[2m3:16[22m[39m

[31m[2m⎯⎯⎯⎯⎯⎯⎯⎯⎯⎯⎯⎯⎯⎯⎯⎯⎯⎯⎯⎯⎯⎯⎯⎯⎯⎯⎯⎯⎯⎯[22m[39m
[31m[1mSerialized Error:[22m[39m [90m{ code: 'ERR_REQUIRE_ESM' }[39m
[31m⎯⎯⎯⎯⎯⎯⎯⎯⎯⎯⎯⎯⎯⎯⎯⎯⎯⎯⎯⎯⎯⎯⎯⎯⎯⎯⎯⎯⎯⎯[39m


[2m Test Files [22m [2mno tests[22m
[2m      Tests [22m [2mno tests[22m
[2m     Errors [22m [1m[31m1 error[39m[22m
[2m   Start at [22m 16:04:15
[2m   Duration [22m 939ms[2m (transform 0ms, setup 0ms, import 0ms, tests 0ms, environment 0ms)[22m

